scripts/kconfig/conf --silentoldconfig Kconfig
INFO: CC is /home/nick/aarch64-linux-android-4.9-linaro/bin/aarch64-linux-android-gcc
  CHK     include/config/kernel.release
  WRAP    arch/arm64/include/generated/asm/bug.h
  WRAP    arch/arm64/include/generated/asm/bugs.h
  WRAP    arch/arm64/include/generated/asm/cputime.h
  WRAP    arch/arm64/include/generated/asm/checksum.h
  WRAP    arch/arm64/include/generated/asm/current.h
  WRAP    arch/arm64/include/generated/asm/delay.h
  WRAP    arch/arm64/include/generated/asm/div64.h
  CHK     include/generated/uapi/linux/version.h
  WRAP    arch/arm64/include/generated/asm/dma.h
  WRAP    arch/arm64/include/generated/asm/dma-contiguous.h
  WRAP    arch/arm64/include/generated/asm/clkdev.h
  UPD     include/generated/uapi/linux/version.h
  WRAP    arch/arm64/include/generated/asm/emergency-restart.h
  WRAP    arch/arm64/include/generated/asm/early_ioremap.h
  WRAP    arch/arm64/include/generated/asm/ftrace.h
  WRAP    arch/arm64/include/generated/asm/errno.h
  WRAP    arch/arm64/include/generated/asm/hash.h
  WRAP    arch/arm64/include/generated/asm/hw_irq.h
  WRAP    arch/arm64/include/generated/asm/ioctl.h
  WRAP    arch/arm64/include/generated/asm/ioctls.h
  WRAP    arch/arm64/include/generated/asm/ipcbuf.h
  WRAP    arch/arm64/include/generated/asm/kdebug.h
  WRAP    arch/arm64/include/generated/asm/irq_regs.h
  WRAP    arch/arm64/include/generated/asm/kvm_para.h
  WRAP    arch/arm64/include/generated/asm/kmap_types.h
  WRAP    arch/arm64/include/generated/asm/local.h
  WRAP    arch/arm64/include/generated/asm/local64.h
  WRAP    arch/arm64/include/generated/asm/mcs_spinlock.h
  WRAP    arch/arm64/include/generated/asm/mman.h
  WRAP    arch/arm64/include/generated/asm/msgbuf.h
  WRAP    arch/arm64/include/generated/asm/mutex.h
  WRAP    arch/arm64/include/generated/asm/pci.h
  WRAP    arch/arm64/include/generated/asm/pci-bridge.h
  WRAP    arch/arm64/include/generated/asm/preempt.h
  WRAP    arch/arm64/include/generated/asm/poll.h
  WRAP    arch/arm64/include/generated/asm/resource.h
  WRAP    arch/arm64/include/generated/asm/rwsem.h
  WRAP    arch/arm64/include/generated/asm/scatterlist.h
  HOSTCC  scripts/basic/bin2c
  WRAP    arch/arm64/include/generated/asm/sections.h
  WRAP    arch/arm64/include/generated/asm/segment.h
  WRAP    arch/arm64/include/generated/asm/serial.h
  WRAP    arch/arm64/include/generated/asm/sembuf.h
  WRAP    arch/arm64/include/generated/asm/shmbuf.h
  WRAP    arch/arm64/include/generated/asm/simd.h
  WRAP    arch/arm64/include/generated/asm/sizes.h
  WRAP    arch/arm64/include/generated/asm/socket.h
  WRAP    arch/arm64/include/generated/asm/sockios.h
  WRAP    arch/arm64/include/generated/asm/swab.h
  WRAP    arch/arm64/include/generated/asm/switch_to.h
  WRAP    arch/arm64/include/generated/asm/termbits.h
  WRAP    arch/arm64/include/generated/asm/termios.h
  WRAP    arch/arm64/include/generated/asm/topology.h
  WRAP    arch/arm64/include/generated/asm/trace_clock.h
  WRAP    arch/arm64/include/generated/asm/types.h
  WRAP    arch/arm64/include/generated/asm/unaligned.h
  WRAP    arch/arm64/include/generated/asm/user.h
  WRAP    arch/arm64/include/generated/asm/vga.h
  WRAP    arch/arm64/include/generated/asm/xor.h
  WRAP    arch/arm64/include/generated/uapi/asm/kvm_para.h
  UPD     include/config/kernel.release
  CHK     include/generated/utsrelease.h
  UPD     include/generated/utsrelease.h
  HOSTCC  scripts/dtc/dtc.o
  HOSTCC  scripts/genksyms/genksyms.o
  SHIPPED scripts/genksyms/parse.tab.c
  HOSTCC  scripts/dtc/flattree.o
  SHIPPED scripts/genksyms/lex.lex.c
  SHIPPED scripts/genksyms/keywords.hash.c
  SHIPPED scripts/genksyms/parse.tab.h
  HOSTCC  scripts/genksyms/parse.tab.o
  CC      scripts/mod/empty.o
  HOSTCC  scripts/selinux/genheaders/genheaders
  HOSTCC  scripts/genksyms/lex.lex.o
  HOSTCC  scripts/dtc/fstree.o
  HOSTCC  scripts/selinux/mdp/mdp
  HOSTCC  scripts/mod/mk_elfconfig
  HOSTCC  scripts/dtc/data.o
  CC      scripts/mod/devicetable-offsets.s
  HOSTLD  scripts/genksyms/genksyms
  CC      kernel/bounds.s
  HOSTCC  scripts/kallsyms
  HOSTCC  scripts/dtc/livetree.o
  MKELF   scripts/mod/elfconfig.h
  GEN     scripts/mod/devicetable-offsets.h
  GEN     include/generated/bounds.h
  HOSTCC  scripts/mod/sumversion.o
  CC      arch/arm64/kernel/asm-offsets.s
  HOSTCC  scripts/dtc/treesource.o
  HOSTCC  scripts/mod/modpost.o
  GEN     include/generated/asm-offsets.h
  HOSTCC  scripts/mod/file2alias.o
  CALL    scripts/checksyscalls.sh
  HOSTCC  scripts/dtc/srcpos.o
  HOSTCC  scripts/dtc/checks.o
  HOSTCC  scripts/sortextable
  HOSTCC  scripts/dtc/util.o
  SHIPPED scripts/dtc/dtc-lexer.lex.c
  SHIPPED scripts/dtc/dtc-parser.tab.h
  HOSTLD  scripts/mod/modpost
  SHIPPED scripts/dtc/dtc-parser.tab.c
  HOSTCC  scripts/dtc/dtc-lexer.lex.o
  HOSTCC  scripts/dtc/dtc-parser.tab.o
  HOSTLD  scripts/dtc/dtc
  CC      init/main.o
  CC      init/do_mounts.o
  HOSTCC  usr/gen_init_cpio
  CHK     include/generated/compile.h
  LDS     arch/arm64/kernel/vdso/vdso.lds
  UPD     include/generated/compile.h
  VDSOA   arch/arm64/kernel/vdso/gettimeofday.o
  VDSOA   arch/arm64/kernel/vdso/note.o
  VDSOA   arch/arm64/kernel/vdso/sigreturn.o
  VDSOL   arch/arm64/kernel/vdso/vdso.so.dbg
  CC      arch/arm64/mm/dma-mapping.o
  OBJCOPY arch/arm64/kernel/vdso/vdso.so
  VDSOSYM arch/arm64/kernel/vdso/vdso-offsets.h
  AS      arch/arm64/kernel/vdso/vdso.o
  LD      arch/arm64/kernel/vdso/built-in.o
  AS      arch/arm64/kernel/head.o
  LDS     arch/arm64/kernel/vmlinux.lds
  GEN     usr/initramfs_data.cpio.gz
  CC      arch/arm64/kernel/cputable.o
  AS      usr/initramfs_data.o
  LD      usr/built-in.o
  CC      arch/arm64/kernel/debug-monitors.o
  AS      arch/arm64/kernel/entry.o
  CC      arch/arm64/kernel/irq.o
  CC      arch/arm64/mm/extable.o
  CC      arch/arm64/kernel/fpsimd.o
  CC      init/do_mounts_rd.o
  AS      arch/arm64/kernel/entry-fpsimd.o
  CC      arch/arm64/kernel/process.o
  CC      arch/arm64/mm/fault.o
  CC      init/do_mounts_initrd.o
  CC      arch/arm64/kernel/ptrace.o
  CC      init/noinitramfs.o
  CC      init/initramfs.o
  CC      arch/arm64/mm/init.o
  CC      arch/arm64/kernel/setup.o
  CC      init/calibrate.o
  AS      init/_vmm.o
  CC      init/vmm.o
  CC      arch/arm64/kernel/signal.o
  CC      arch/arm64/kernel/sys.o
  AS      arch/arm64/mm/cache.o
  CC      arch/arm64/mm/copypage.o
  CC      init/ld.o
  CC      arch/arm64/kernel/stacktrace.o
  CC      arch/arm64/kernel/time.o
  CC      arch/arm64/kernel/traps.o
  CC      arch/arm64/mm/flush.o
  CC      arch/arm64/kernel/io.o
  CC      init/init_task.o
  CC      arch/arm64/kernel/vdso.o
  AS      arch/arm64/kernel/hyp-stub.o
  CC      arch/arm64/kernel/psci.o
  CC      arch/arm64/mm/ioremap.o
  CC      arch/arm64/kernel/cpu_ops.o
  CC      arch/arm64/mm/mmap.o
  CC      arch/arm64/mm/pgd.o
  CC      arch/arm64/kernel/insn.o
  CC      init/version.o
  CC      arch/arm64/mm/mmu.o
  LD      arch/arm64/net/built-in.o
  CC      arch/arm64/crypto/sha1-ce-glue.o
  AS      arch/arm64/crypto/sha1-ce-core.o
  CC      kernel/fork.o
  CC      arch/arm64/kernel/return_address.o
  LD      init/mounts.o
  LD      init/built-in.o
  CC      arch/arm64/kernel/cpuinfo.o
  CC      arch/arm64/crypto/sha2-ce-glue.o
  CC      arch/arm64/kernel/cpu_errata.o
scripts/Makefile.build:257: recipe for target 'arch/arm64/crypto/sha2-ce-glue.o' failed
scripts/Makefile.build:257: recipe for target 'arch/arm64/kernel/return_address.o' failed
scripts/Makefile.build:257: recipe for target 'arch/arm64/kernel/cpu_errata.o' failed
Makefile:1001: recipe for target 'arch/arm64/crypto' failed
Makefile:1001: recipe for target 'arch/arm64/kernel' failed
scripts/Makefile.build:257: recipe for target 'arch/arm64/mm/mmu.o' failed
scripts/Makefile.build:257: recipe for target 'kernel/fork.o' failed
Makefile:1001: recipe for target 'arch/arm64/mm' failed
Makefile:1001: recipe for target 'kernel' failed
